{"level":"debug","message":"[MACrossover] BUY | fast=2754.92 slow=2671.98 | conf=0.621 | NONE","timestamp":"2026-04-07 22:33:56.290"}
{"level":"debug","message":"[RSI] HOLD | RSI=53.69 | zone=NEUTRAL | div=NONE | conf=0.000","timestamp":"2026-04-07 22:33:56.290"}
{"level":"info","message":"[Aggregator] HOLD | score=0.0296 | conf=0.030 | [MR:HOLD MA:BUY RSI:HOLD]","timestamp":"2026-04-07 22:33:56.290"}
{"level":"debug","message":"[MeanReversion] HOLD | Z=1.0827 | conf=0.361 | reason: Z-score 1.083 within ±1.5 band — no actionable deviation","timestamp":"2026-04-07 22:33:56.290"}
{"level":"debug","message":"[MACrossover] BUY | fast=2756.02 slow=2672.97 | conf=0.621 | NONE","timestamp":"2026-04-07 22:33:56.290"}
{"level":"debug","message":"[RSI] HOLD | RSI=56.71 | zone=NEUTRAL | div=NONE | conf=0.000","timestamp":"2026-04-07 22:33:56.290"}
{"level":"info","message":"[Aggregator] HOLD | score=0.0296 | conf=0.030 | [MR:HOLD MA:BUY RSI:HOLD]","timestamp":"2026-04-07 22:33:56.290"}
{"level":"debug","message":"[MeanReversion] SELL | Z=1.5137 | conf=0.505 | reason: Z-score 1.514 > 1.5 — price 2794.87 is 1.51σ above mean 2770.08","timestamp":"2026-04-07 22:33:56.290"}
{"level":"debug","message":"[MACrossover] BUY | fast=2757.17 slow=2674.08 | conf=0.621 | NONE","timestamp":"2026-04-07 22:33:56.290"}
{"level":"debug","message":"[RSI] HOLD | RSI=59.35 | zone=NEUTRAL | div=NONE | conf=0.000","timestamp":"2026-04-07 22:33:56.290"}
{"level":"info","message":"[Aggregator] SELL | score=-0.3068 | conf=0.307 | [MR:SELL MA:BUY RSI:HOLD]","timestamp":"2026-04-07 22:33:56.290"}
{"level":"debug","message":"[MeanReversion] HOLD | Z=0.6350 | conf=0.212 | reason: Z-score 0.635 within ±1.5 band — no actionable deviation","timestamp":"2026-04-07 22:33:56.290"}
{"level":"debug","message":"[MACrossover] BUY | fast=2757.79 slow=2675.21 | conf=0.617 | NONE","timestamp":"2026-04-07 22:33:56.290"}
{"level":"debug","message":"[RSI] HOLD | RSI=54.30 | zone=NEUTRAL | div=NONE | conf=0.000","timestamp":"2026-04-07 22:33:56.290"}
{"level":"info","message":"[Aggregator] HOLD | score=0.0294 | conf=0.029 | [MR:HOLD MA:BUY RSI:HOLD]","timestamp":"2026-04-07 22:33:56.290"}
{"level":"debug","message":"[MeanReversion] HOLD | Z=0.5816 | conf=0.194 | reason: Z-score 0.582 within ±1.5 band — no actionable deviation","timestamp":"2026-04-07 22:33:56.290"}
{"level":"debug","message":"[MACrossover] BUY | fast=2758.77 slow=2676.39 | conf=0.616 | NONE","timestamp":"2026-04-07 22:33:56.290"}
{"level":"debug","message":"[RSI] HOLD | RSI=54.40 | zone=NEUTRAL | div=NONE | conf=0.000","timestamp":"2026-04-07 22:33:56.290"}
{"level":"info","message":"[Aggregator] HOLD | score=0.0293 | conf=0.029 | [MR:HOLD MA:BUY RSI:HOLD]","timestamp":"2026-04-07 22:33:56.290"}
{"level":"debug","message":"[Regime:_default] SIDEWAYS | raw=0.043 smooth=0.049 conf=100% | ADX=4.8 slope=0.00026 | pending=-×0 lockout=0","timestamp":"2026-04-07 22:33:56.290"}
{"level":"debug","message":"[MeanReversion] HOLD | Z=-0.5986 | conf=0.200 | reason: Z-score -0.599 within ±1.5 band — no actionable deviation","timestamp":"2026-04-07 22:33:56.290"}
{"level":"debug","message":"[MACrossover] BUY | fast=2759.38 slow=2677.52 | conf=0.611 | NONE","timestamp":"2026-04-07 22:33:56.290"}
{"level":"debug","message":"[RSI] HOLD | RSI=48.19 | zone=NEUTRAL | div=NONE | conf=0.000","timestamp":"2026-04-07 22:33:56.290"}
{"level":"info","message":"[Aggregator] HOLD | score=0.0291 | conf=0.029 | [MR:HOLD MA:BUY RSI:HOLD]","timestamp":"2026-04-07 22:33:56.290"}
{"level":"debug","message":"[MeanReversion] BUY | Z=-2.0362 | conf=0.679 | reason: Z-score -2.036 < -1.5 — price 2747.45 is 2.04σ below mean 2774.29","timestamp":"2026-04-07 22:33:56.290"}
{"level":"debug","message":"[MACrossover] BUY | fast=2759.39 slow=2678.47 | conf=0.604 | NONE","timestamp":"2026-04-07 22:33:56.290"}
{"level":"debug","message":"[RSI] HOLD | RSI=42.97 | zone=NEUTRAL | div=NONE | conf=0.000","timestamp":"2026-04-07 22:33:56.290"}
{"level":"info","message":"[Aggregator] BUY | score=0.4812 | conf=0.481 | [MR:BUY MA:BUY RSI:HOLD]","timestamp":"2026-04-07 22:33:56.290"}
{"level":"debug","message":"[Backtest] ENTRY | 2023-09-11 @₹2748.62 | qty=368 | SL=₹2693.6453 | TP=₹2858.5624 | costs=₹40.00 | regime=SIDEWAYS","timestamp":"2026-04-07 22:33:56.290"}
{"level":"debug","message":"[MeanReversion] HOLD | Z=-0.5196 | conf=0.173 | reason: Z-score -0.520 within ±1.5 band — no actionable deviation","timestamp":"2026-04-07 22:33:56.290"}
{"level":"debug","message":"[MACrossover] BUY | fast=2759.57 slow=2679.58 | conf=0.597 | NONE","timestamp":"2026-04-07 22:33:56.290"}
{"level":"debug","message":"[RSI] HOLD | RSI=50.20 | zone=NEUTRAL | div=NONE | conf=0.000","timestamp":"2026-04-07 22:33:56.290"}
{"level":"info","message":"[Aggregator] HOLD | score=0.0296 | conf=0.030 | [MR:HOLD MA:BUY RSI:HOLD]","timestamp":"2026-04-07 22:33:56.290"}
{"level":"debug","message":"[MeanReversion] HOLD | Z=0.1709 | conf=0.057 | reason: Z-score 0.171 within ±1.5 band — no actionable deviation","timestamp":"2026-04-07 22:33:56.290"}
{"level":"debug","message":"[MACrossover] BUY | fast=2759.78 slow=2680.75 | conf=0.590 | NONE","timestamp":"2026-04-07 22:33:56.290"}
{"level":"debug","message":"[RSI] HOLD | RSI=53.11 | zone=NEUTRAL | div=NONE | conf=0.000","timestamp":"2026-04-07 22:33:56.291"}
{"level":"info","message":"[Aggregator] HOLD | score=0.0293 | conf=0.029 | [MR:HOLD MA:BUY RSI:HOLD]","timestamp":"2026-04-07 22:33:56.291"}
{"level":"debug","message":"[MeanReversion] HOLD | Z=-0.0325 | conf=0.011 | reason: Z-score -0.032 within ±1.5 band — no actionable deviation","timestamp":"2026-04-07 22:33:56.291"}
{"level":"debug","message":"[MACrossover] BUY | fast=2759.57 slow=2681.82 | conf=0.580 | NONE","timestamp":"2026-04-07 22:33:56.291"}
{"level":"debug","message":"[RSI] HOLD | RSI=52.53 | zone=NEUTRAL | div=NONE | conf=0.000","timestamp":"2026-04-07 22:33:56.291"}
{"level":"info","message":"[Aggregator] HOLD | score=0.0288 | conf=0.029 | [MR:HOLD MA:BUY RSI:HOLD]","timestamp":"2026-04-07 22:33:56.291"}
{"level":"debug","message":"[MeanReversion] HOLD | Z=-1.2224 | conf=0.407 | reason: Z-score -1.222 within ±1.5 band — no actionable deviation","timestamp":"2026-04-07 22:33:56.291"}
{"level":"debug","message":"[MACrossover] BUY | fast=2758.96 slow=2682.90 | conf=0.567 | NONE","timestamp":"2026-04-07 22:33:56.291"}
{"level":"debug","message":"[RSI] HOLD | RSI=48.06 | zone=NEUTRAL | div=NONE | conf=0.000","timestamp":"2026-04-07 22:33:56.291"}
{"level":"info","message":"[Aggregator] HOLD | score=0.0281 | conf=0.028 | [MR:HOLD MA:BUY RSI:HOLD]","timestamp":"2026-04-07 22:33:56.291"}
{"level":"debug","message":"[MeanReversion] HOLD | Z=0.0291 | conf=0.010 | reason: Z-score 0.029 within ±1.5 band — no actionable deviation","timestamp":"2026-04-07 22:33:56.291"}
{"level":"debug","message":"[MACrossover] BUY | fast=2758.85 slow=2683.99 | conf=0.558 | NONE","timestamp":"2026-04-07 22:33:56.291"}
{"level":"debug","message":"[RSI] HOLD | RSI=52.37 | zone=NEUTRAL | div=NONE | conf=0.000","timestamp":"2026-04-07 22:33:56.291"}
{"level":"info","message":"[Aggregator] HOLD | score=0.0276 | conf=0.028 | [MR:HOLD MA:BUY RSI:HOLD]","timestamp":"2026-04-07 22:33:56.291"}
{"level":"debug","message":"[MeanReversion] HOLD | Z=0.5771 | conf=0.192 | reason: Z-score 0.577 within ±1.5 band — no actionable deviation","timestamp":"2026-04-07 22:33:56.291"}
{"level":"debug","message":"[MACrossover] BUY | fast=2759.06 slow=2685.10 | conf=0.551 | NONE","timestamp":"2026-04-07 22:33:56.291"}
{"level":"debug","message":"[RSI] HOLD | RSI=54.35 | zone=NEUTRAL | div=NONE | conf=0.000","timestamp":"2026-04-07 22:33:56.293"}
{"level":"info","message":"[Aggregator] HOLD | score=0.0272 | conf=0.027 | [MR:HOLD MA:BUY RSI:HOLD]","timestamp":"2026-04-07 22:33:56.293"}
{"level":"debug","message":"[MeanReversion] HOLD | Z=-0.8939 | conf=0.298 | reason: Z-score -0.894 within ±1.5 band — no actionable deviation","timestamp":"2026-04-07 22:33:56.293"}
{"level":"debug","message":"[MACrossover] BUY | fast=2759.15 slow=2686.13 | conf=0.544 | NONE","timestamp":"2026-04-07 22:33:56.293"}
{"level":"debug","message":"[RSI] HOLD | RSI=48.74 | zone=NEUTRAL | div=NONE | conf=0.000","timestamp":"2026-04-07 22:33:56.293"}
{"level":"info","message":"[Aggregator] HOLD | score=0.0268 | conf=0.027 | [MR:HOLD MA:BUY RSI:HOLD]","timestamp":"2026-04-07 22:33:56.293"}
{"level":"debug","message":"[MeanReversion] HOLD | Z=1.1708 | conf=0.390 | reason: Z-score 1.171 within ±1.5 band — no actionable deviation","timestamp":"2026-04-07 22:33:56.293"}
{"level":"debug","message":"[MACrossover] BUY | fast=2759.90 slow=2687.33 | conf=0.540 | NONE","timestamp":"2026-04-07 22:33:56.293"}
{"level":"debug","message":"[RSI] HOLD | RSI=55.40 | zone=NEUTRAL | div=NONE | conf=0.000","timestamp":"2026-04-07 22:33:56.293"}
{"level":"info","message":"[Aggregator] HOLD | score=0.1865 | conf=0.186 | [MR:HOLD MA:BUY RSI:HOLD]","timestamp":"2026-04-07 22:33:56.293"}
{"level":"debug","message":"[Regime:_default] SIDEWAYS | raw=0.037 smooth=0.045 conf=100% | ADX=14.4 slope=0.00022 | pending=-×0 lockout=0","timestamp":"2026-04-07 22:33:56.293"}
{"level":"debug","message":"[MeanReversion] HOLD | Z=1.1250 | conf=0.375 | reason: Z-score 1.125 within ±1.5 band — no actionable deviation","timestamp":"2026-04-07 22:33:56.293"}
{"level":"debug","message":"[MACrossover] BUY | fast=2760.36 slow=2688.53 | conf=0.534 | NONE","timestamp":"2026-04-07 22:33:56.293"}
{"level":"debug","message":"[RSI] HOLD | RSI=55.63 | zone=NEUTRAL | div=NONE | conf=0.000","timestamp":"2026-04-07 22:33:56.293"}
{"level":"info","message":"[Aggregator] HOLD | score=0.0264 | conf=0.026 | [MR:HOLD MA:BUY RSI:HOLD]","timestamp":"2026-04-07 22:33:56.294"}
{"level":"debug","message":"[MeanReversion] HOLD | Z=0.2810 | conf=0.094 | reason: Z-score 0.281 within ±1.5 band — no actionable deviation","timestamp":"2026-04-07 22:33:56.294"}
{"level":"debug","message":"[MACrossover] BUY | fast=2760.65 slow=2689.59 | conf=0.528 | NONE","timestamp":"2026-04-07 22:33:56.294"}
{"level":"debug","message":"[RSI] HOLD | RSI=52.32 | zone=NEUTRAL | div=NONE | conf=0.000","timestamp":"2026-04-07 22:33:56.294"}
{"level":"info","message":"[Aggregator] HOLD | score=0.0260 | conf=0.026 | [MR:HOLD MA:BUY RSI:HOLD]","timestamp":"2026-04-07 22:33:56.294"}
{"level":"debug","message":"[MeanReversion] HOLD | Z=-1.3832 | conf=0.461 | reason: Z-score -1.383 within ±1.5 band — no actionable deviation","timestamp":"2026-04-07 22:33:56.294"}
{"level":"debug","message":"[MACrossover] BUY | fast=2760.93 slow=2690.53 | conf=0.523 | NONE","timestamp":"2026-04-07 22:33:56.294"}
{"level":"debug","message":"[RSI] HOLD | RSI=46.14 | zone=NEUTRAL | div=NONE | conf=0.000","timestamp":"2026-04-07 22:33:56.294"}
{"level":"info","message":"[Aggregator] HOLD | score=0.1821 | conf=0.182 | [MR:HOLD MA:BUY RSI:HOLD]","timestamp":"2026-04-07 22:33:56.294"}
{"level":"debug","message":"[MeanReversion] BUY | Z=-1.9242 | conf=0.641 | reason: Z-score -1.924 < -1.5 — price 2750.86 is 1.92σ below mean 2774.47","timestamp":"2026-04-07 22:33:56.294"}
{"level":"debug","message":"[MACrossover] BUY | fast=2761.40 slow=2691.43 | conf=0.520 | NONE","timestamp":"2026-04-07 22:33:56.294"}
{"level":"debug","message":"[RSI] BUY | RSI=43.42 | zone=NEUTRAL | div=BULLISH | conf=0.369","timestamp":"2026-04-07 22:33:56.294"}
{"level":"info","message":"[Aggregator] BUY | score=0.5557 | conf=0.556 | [MR:BUY MA:BUY RSI:BUY]","timestamp":"2026-04-07 22:33:56.294"}
{"level":"debug","message":"[MeanReversion] BUY | Z=-2.1738 | conf=0.725 | reason: Z-score -2.174 < -1.5 — price 2742.07 is 2.17σ below mean 2772.85","timestamp":"2026-04-07 22:33:56.294"}
{"level":"debug","message":"[MACrossover] BUY | fast=2761.75 slow=2692.29 | conf=0.516 | NONE","timestamp":"2026-04-07 22:33:56.294"}
{"level":"debug","message":"[RSI] HOLD | RSI=41.06 | zone=NEUTRAL | div=NONE | conf=0.000","timestamp":"2026-04-07 22:33:56.294"}
{"level":"info","message":"[Aggregator] BUY | score=0.5025 | conf=0.503 | [MR:BUY MA:BUY RSI:HOLD]","timestamp":"2026-04-07 22:33:56.294"}
{"level":"debug","message":"[MeanReversion] HOLD | Z=-1.3466 | conf=0.449 | reason: Z-score -1.347 within ±1.5 band — no actionable deviation","timestamp":"2026-04-07 22:33:56.294"}
{"level":"debug","message":"[MACrossover] BUY | fast=2762.22 slow=2693.19 | conf=0.513 | NONE","timestamp":"2026-04-07 22:33:56.294"}
{"level":"debug","message":"[RSI] HOLD | RSI=44.59 | zone=NEUTRAL | div=NONE | conf=0.000","timestamp":"2026-04-07 22:33:56.294"}
{"level":"info","message":"[Aggregator] HOLD | score=0.0249 | conf=0.025 | [MR:HOLD MA:BUY RSI:HOLD]","timestamp":"2026-04-07 22:33:56.294"}
{"level":"debug","message":"[MeanReversion] HOLD | Z=0.0634 | conf=0.021 | reason: Z-score 0.063 within ±1.5 band — no actionable deviation","timestamp":"2026-04-07 22:33:56.294"}
{"level":"debug","message":"[MACrossover] BUY | fast=2763.49 slow=2694.28 | conf=0.514 | NONE","timestamp":"2026-04-07 22:33:56.294"}
{"level":"debug","message":"[RSI] HOLD | RSI=51.27 | zone=NEUTRAL | div=NONE | conf=0.000","timestamp":"2026-04-07 22:33:56.294"}
{"level":"info","message":"[Aggregator] HOLD | score=0.0250 | conf=0.025 | [MR:HOLD MA:BUY RSI:HOLD]","timestamp":"2026-04-07 22:33:56.294"}
{"level":"debug","message":"[MeanReversion] SELL | Z=1.6063 | conf=0.535 | reason: Z-score 1.606 > 1.5 — price 2794.20 is 1.61σ above mean 2770.94","timestamp":"2026-04-07 22:33:56.294"}
{"level":"debug","message":"[MACrossover] BUY | fast=2764.78 slow=2695.40 | conf=0.515 | NONE","timestamp":"2026-04-07 22:33:56.294"}
{"level":"debug","message":"[RSI] HOLD | RSI=57.36 | zone=NEUTRAL | div=NONE | conf=0.000","timestamp":"2026-04-07 22:33:56.294"}
{"level":"info","message":"[Aggregator] HOLD | score=-0.0070 | conf=0.007 | [MR:SELL MA:BUY RSI:HOLD]","timestamp":"2026-04-07 22:33:56.294"}
{"level":"debug","message":"[MeanReversion] SELL | Z=2.1188 | conf=0.706 | reason: Z-score 2.119 > 1.5 — price 2806.80 is 2.12σ above mean 2772.20","timestamp":"2026-04-07 22:33:56.294"}
{"level":"debug","message":"[MACrossover] BUY | fast=2766.53 slow=2696.49 | conf=0.519 | NONE","timestamp":"2026-04-07 22:33:56.294"}
{"level":"debug","message":"[RSI] HOLD | RSI=60.37 | zone=NEUTRAL | div=NONE | conf=0.000","timestamp":"2026-04-07 22:33:56.294"}
{"level":"info","message":"[Aggregator] HOLD | score=-0.0640 | conf=0.064 | [MR:SELL MA:BUY RSI:HOLD]","timestamp":"2026-04-07 22:33:56.294"}
{"level":"debug","message":"[MeanReversion] SELL | Z=1.7044 | conf=0.568 | reason: Z-score 1.704 > 1.5 — price 2803.22 is 1.70σ above mean 2773.27","timestamp":"2026-04-07 22:33:56.294"}
{"level":"debug","message":"[MACrossover] BUY | fast=2768.41 slow=2697.49 | conf=0.526 | NONE","timestamp":"2026-04-07 22:33:56.294"}
{"level":"debug","message":"[RSI] HOLD | RSI=59.09 | zone=NEUTRAL | div=NONE | conf=0.000","timestamp":"2026-04-07 22:33:56.294"}
{"level":"info","message":"[Aggregator] HOLD | score=-0.0145 | conf=0.014 | [MR:SELL MA:BUY RSI:HOLD]","timestamp":"2026-04-07 22:33:56.294"}
{"level":"debug","message":"[Regime:_default] VOLATILE override | volPct=0.79 conf=15%","timestamp":"2026-04-07 22:33:56.294"}
{"level":"debug","message":"[MeanReversion] HOLD | Z=0.8995 | conf=0.300 | reason: Z-score 0.899 within ±1.5 band — no actionable deviation","timestamp":"2026-04-07 22:33:56.294"}
{"level":"debug","message":"[MACrossover] BUY | fast=2769.67 slow=2698.52 | conf=0.527 | NONE","timestamp":"2026-04-07 22:33:56.294"}
{"level":"debug","message":"[RSI] HOLD | RSI=54.71 | zone=NEUTRAL | div=NONE | conf=0.000","timestamp":"2026-04-07 22:33:56.294"}
{"level":"info","message":"[Aggregator] HOLD | score=0.1821 | conf=0.182 | [MR:HOLD MA:BUY RSI:HOLD]","timestamp":"2026-04-07 22:33:56.294"}
{"level":"debug","message":"[MeanReversion] HOLD | Z=1.2281 | conf=0.409 | reason: Z-score 1.228 within ±1.5 band — no actionable deviation","timestamp":"2026-04-07 22:33:56.294"}
{"level":"debug","message":"[MACrossover] BUY | fast=2770.94 slow=2699.56 | conf=0.529 | NONE","timestamp":"2026-04-07 22:33:56.294"}
{"level":"debug","message":"[RSI] HOLD | RSI=56.87 | zone=NEUTRAL | div=NONE | conf=0.000","timestamp":"2026-04-07 22:33:56.294"}
{"level":"info","message":"[Aggregator] HOLD | score=0.0261 | conf=0.026 | [MR:HOLD MA:BUY RSI:HOLD]","timestamp":"2026-04-07 22:33:56.294"}
{"level":"debug","message":"[MeanReversion] HOLD | Z=0.1697 | conf=0.057 | reason: Z-score 0.170 within ±1.5 band — no actionable deviation","timestamp":"2026-04-07 22:33:56.294"}
{"level":"debug","message":"[MACrossover] BUY | fast=2771.80 slow=2700.45 | conf=0.528 | NONE","timestamp":"2026-04-07 22:33:56.294"}
{"level":"debug","message":"[RSI] HOLD | RSI=50.95 | zone=NEUTRAL | div=NONE | conf=0.000","timestamp":"2026-04-07 22:33:56.294"}
{"level":"info","message":"[Aggregator] HOLD | score=0.0261 | conf=0.026 | [MR:HOLD MA:BUY RSI:HOLD]","timestamp":"2026-04-07 22:33:56.294"}
{"level":"debug","message":"[MeanReversion] HOLD | Z=-0.4116 | conf=0.137 | reason: Z-score -0.412 within ±1.5 band — no actionable deviation","timestamp":"2026-04-07 22:33:56.294"}
{"level":"debug","message":"[MACrossover] BUY | fast=2772.56 slow=2701.29 | conf=0.528 | NONE","timestamp":"2026-04-07 22:33:56.294"}
{"level":"debug","message":"[RSI] HOLD | RSI=47.79 | zone=NEUTRAL | div=NONE | conf=0.000","timestamp":"2026-04-07 22:33:56.294"}
{"level":"info","message":"[Aggregator] HOLD | score=0.0261 | conf=0.026 | [MR:HOLD MA:BUY RSI:HOLD]","timestamp":"2026-04-07 22:33:56.294"}
{"level":"debug","message":"[MeanReversion] HOLD | Z=-0.8982 | conf=0.299 | reason: Z-score -0.898 within ±1.5 band — no actionable deviation","timestamp":"2026-04-07 22:33:56.294"}
{"level":"debug","message":"[MACrossover] BUY | fast=2772.68 slow=2702.03 | conf=0.523 | NONE","timestamp":"2026-04-07 22:33:56.294"}
{"level":"debug","message":"[RSI] HOLD | RSI=45.04 | zone=NEUTRAL | div=NONE | conf=0.000","timestamp":"2026-04-07 22:33:56.294"}
{"level":"info","message":"[Aggregator] HOLD | score=0.0259 | conf=0.026 | [MR:HOLD MA:BUY RSI:HOLD]","timestamp":"2026-04-07 22:33:56.294"}
{"level":"debug","message":"[MeanReversion] HOLD | Z=-1.2518 | conf=0.417 | reason: Z-score -1.252 within ±1.5 band — no actionable deviation","timestamp":"2026-04-07 22:33:56.294"}
{"level":"debug","message":"[MACrossover] BUY | fast=2772.63 slow=2702.78 | conf=0.517 | NONE","timestamp":"2026-04-07 22:33:56.294"}
{"level":"debug","message":"[RSI] HOLD | RSI=42.98 | zone=NEUTRAL | div=NONE | conf=0.000","timestamp":"2026-04-07 22:33:56.294"}
{"level":"info","message":"[Aggregator] HOLD | score=0.0256 | conf=0.026 | [MR:HOLD MA:BUY RSI:HOLD]","timestamp":"2026-04-07 22:33:56.294"}
{"level":"debug","message":"[MeanReversion] BUY | Z=-1.8603 | conf=0.620 | reason: Z-score -1.860 < -1.5 — price 2736.29 is 1.86σ below mean 2773.95","timestamp":"2026-04-07 22:33:56.294"}
{"level":"debug","message":"[MACrossover] BUY | fast=2771.82 slow=2703.41 | conf=0.506 | NONE","timestamp":"2026-04-07 22:33:56.294"}
{"level":"debug","message":"[RSI] HOLD | RSI=38.69 | zone=NEUTRAL | div=NONE | conf=0.000","timestamp":"2026-04-07 22:33:56.294"}
{"level":"info","message":"[Aggregator] BUY | score=0.4193 | conf=0.419 | [MR:BUY MA:BUY RSI:HOLD]","timestamp":"2026-04-07 22:33:56.294"}
{"level":"debug","message":"[MeanReversion] BUY | Z=-1.9265 | conf=0.642 | reason: Z-score -1.926 < -1.5 — price 2727.95 is 1.93σ below mean 2771.20","timestamp":"2026-04-07 22:33:56.294"}
{"level":"debug","message":"[MACrossover] BUY | fast=2770.96 slow=2703.92 | conf=0.496 | NONE","timestamp":"2026-04-07 22:33:56.294"}
{"level":"debug","message":"[RSI] HOLD | RSI=36.72 | zone=NEUTRAL | div=NONE | conf=0.000","timestamp":"2026-04-07 22:33:56.294"}
{"level":"info","message":"[Aggregator] BUY | score=0.4183 | conf=0.418 | [MR:BUY MA:BUY RSI:HOLD]","timestamp":"2026-04-07 22:33:56.294"}
{"level":"debug","message":"[MeanReversion] HOLD | Z=-1.0225 | conf=0.341 | reason: Z-score -1.022 within ±1.5 band — no actionable deviation","timestamp":"2026-04-07 22:33:56.294"}
{"level":"debug","message":"[MACrossover] BUY | fast=2770.73 slow=2704.53 | conf=0.490 | NONE","timestamp":"2026-04-07 22:33:56.294"}
{"level":"debug","message":"[RSI] HOLD | RSI=43.62 | zone=NEUTRAL | div=NONE | conf=0.000","timestamp":"2026-04-07 22:33:56.294"}
{"level":"info","message":"[Aggregator] HOLD | score=0.0241 | conf=0.024 | [MR:HOLD MA:BUY RSI:HOLD]","timestamp":"2026-04-07 22:33:56.294"}
{"level":"debug","message":"[MeanReversion] HOLD | Z=-0.0720 | conf=0.024 | reason: Z-score -0.072 within ±1.5 band — no actionable deviation","timestamp":"2026-04-07 22:33:56.294"}
{"level":"debug","message":"[MACrossover] BUY | fast=2771.02 slow=2705.18 | conf=0.487 | NONE","timestamp":"2026-04-07 22:33:56.294"}
{"level":"debug","message":"[RSI] HOLD | RSI=50.17 | zone=NEUTRAL | div=NONE | conf=0.000","timestamp":"2026-04-07 22:33:56.294"}
{"level":"info","message":"[Aggregator] HOLD | score=0.0239 | conf=0.024 | [MR:HOLD MA:BUY RSI:HOLD]","timestamp":"2026-04-07 22:33:56.294"}
{"level":"debug","message":"[Regime:_default] VOLATILE override | volPct=0.79 conf=15%","timestamp":"2026-04-07 22:33:56.294"}
{"level":"debug","message":"[MeanReversion] HOLD | Z=-0.7520 | conf=0.251 | reason: Z-score -0.752 within ±1.5 band — no actionable deviation","timestamp":"2026-04-07 22:33:56.294"}
{"level":"debug","message":"[MACrossover] BUY | fast=2771.08 slow=2705.73 | conf=0.483 | NONE","timestamp":"2026-04-07 22:33:56.294"}
{"level":"debug","message":"[RSI] HOLD | RSI=45.47 | zone=NEUTRAL | div=NONE | conf=0.000","timestamp":"2026-04-07 22:33:56.294"}
{"level":"info","message":"[Aggregator] HOLD | score=0.1667 | conf=0.167 | [MR:HOLD MA:BUY RSI:HOLD]","timestamp":"2026-04-07 22:33:56.294"}
{"level":"debug","message":"[MeanReversion] HOLD | Z=-0.2401 | conf=0.080 | reason: Z-score -0.240 within ±1.5 band — no actionable deviation","timestamp":"2026-04-07 22:33:56.294"}
{"level":"debug","message":"[MACrossover] BUY | fast=2771.64 slow=2706.24 | conf=0.483 | NONE","timestamp":"2026-04-07 22:33:56.294"}
{"level":"debug","message":"[RSI] HOLD | RSI=48.65 | zone=NEUTRAL | div=NONE | conf=0.000","timestamp":"2026-04-07 22:33:56.294"}
{"level":"info","message":"[Aggregator] HOLD | score=0.1655 | conf=0.165 | [MR:HOLD MA:BUY RSI:HOLD]","timestamp":"2026-04-07 22:33:56.294"}
{"level":"debug","message":"[MeanReversion] HOLD | Z=0.0129 | conf=0.004 | reason: Z-score 0.013 within ±1.5 band — no actionable deviation","timestamp":"2026-04-07 22:33:56.294"}
{"level":"debug","message":"[MACrossover] BUY | fast=2771.94 slow=2706.83 | conf=0.481 | NONE","timestamp":"2026-04-07 22:33:56.294"}
{"level":"debug","message":"[RSI] HOLD | RSI=50.40 | zone=NEUTRAL | div=NONE | conf=0.000","timestamp":"2026-04-07 22:33:56.294"}
{"level":"info","message":"[Aggregator] HOLD | score=0.0237 | conf=0.024 | [MR:HOLD MA:BUY RSI:HOLD]","timestamp":"2026-04-07 22:33:56.294"}
{"level":"debug","message":"[MeanReversion] HOLD | Z=0.8720 | conf=0.291 | reason: Z-score 0.872 within ±1.5 band — no actionable deviation","timestamp":"2026-04-07 22:33:56.294"}
{"level":"debug","message":"[MACrossover] BUY | fast=2772.76 slow=2707.57 | conf=0.482 | NONE","timestamp":"2026-04-07 22:33:56.294"}
{"level":"debug","message":"[RSI] HOLD | RSI=56.13 | zone=NEUTRAL | div=NONE | conf=0.000","timestamp":"2026-04-07 22:33:56.294"}
{"level":"info","message":"[Aggregator] HOLD | score=0.1649 | conf=0.165 | [MR:HOLD MA:BUY RSI:HOLD]","timestamp":"2026-04-07 22:33:56.294"}
{"level":"debug","message":"[MeanReversion] HOLD | Z=0.7409 | conf=0.247 | reason: Z-score 0.741 within ±1.5 band — no actionable deviation","timestamp":"2026-04-07 22:33:56.294"}
{"level":"debug","message":"[MACrossover] BUY | fast=2773.13 slow=2708.28 | conf=0.479 | NONE","timestamp":"2026-04-07 22:33:56.294"}
{"level":"debug","message":"[RSI] HOLD | RSI=55.77 | zone=NEUTRAL | div=NONE | conf=0.000","timestamp":"2026-04-07 22:33:56.294"}
{"level":"info","message":"[Aggregator] HOLD | score=0.1666 | conf=0.167 | [MR:HOLD MA:BUY RSI:HOLD]","timestamp":"2026-04-07 22:33:56.294"}
{"level":"debug","message":"[MeanReversion] HOLD | Z=1.2658 | conf=0.422 | reason: Z-score 1.266 within ±1.5 band — no actionable deviation","timestamp":"2026-04-07 22:33:56.294"}
{"level":"debug","message":"[MACrossover] BUY | fast=2773.56 slow=2709.13 | conf=0.476 | NONE","timestamp":"2026-04-07 22:33:56.294"}
{"level":"debug","message":"[RSI] HOLD | RSI=59.52 | zone=NEUTRAL | div=NONE | conf=0.000","timestamp":"2026-04-07 22:33:56.294"}
{"level":"info","message":"[Aggregator] HOLD | score=0.1629 | conf=0.163 | [MR:HOLD MA:BUY RSI:HOLD]","timestamp":"2026-04-07 22:33:56.294"}
{"level":"debug","message":"[MeanReversion] HOLD | Z=0.9624 | conf=0.321 | reason: Z-score 0.962 within ±1.5 band — no actionable deviation","timestamp":"2026-04-07 22:33:56.295"}
{"level":"debug","message":"[MACrossover] BUY | fast=2773.97 slow=2710.00 | conf=0.472 | NONE","timestamp":"2026-04-07 22:33:56.295"}
{"level":"debug","message":"[RSI] HOLD | RSI=57.71 | zone=NEUTRAL | div=NONE | conf=0.000","timestamp":"2026-04-07 22:33:56.295"}
{"level":"info","message":"[Aggregator] HOLD | score=0.0232 | conf=0.023 | [MR:HOLD MA:BUY RSI:HOLD]","timestamp":"2026-04-07 22:33:56.295"}
{"level":"debug","message":"[MeanReversion] HOLD | Z=0.6346 | conf=0.212 | reason: Z-score 0.635 within ±1.5 band — no actionable deviation","timestamp":"2026-04-07 22:33:56.295"}
{"level":"debug","message":"[MACrossover] BUY | fast=2774.33 slow=2710.89 | conf=0.468 | NONE","timestamp":"2026-04-07 22:33:56.295"}
{"level":"debug","message":"[RSI] HOLD | RSI=54.88 | zone=NEUTRAL | div=NONE | conf=0.000","timestamp":"2026-04-07 22:33:56.295"}
{"level":"info","message":"[Aggregator] HOLD | score=0.0229 | conf=0.023 | [MR:HOLD MA:BUY RSI:HOLD]","timestamp":"2026-04-07 22:33:56.295"}
{"level":"debug","message":"[MeanReversion] SELL | Z=1.5091 | conf=0.503 | reason: Z-score 1.509 > 1.5 — price 2808.92 is 1.51σ above mean 2774.18","timestamp":"2026-04-07 22:33:56.295"}
{"level":"debug","message":"[MACrossover] BUY | fast=2774.83 slow=2711.97 | conf=0.464 | NONE","timestamp":"2026-04-07 22:33:56.295"}
{"level":"debug","message":"[RSI] HOLD | RSI=60.24 | zone=NEUTRAL | div=NONE | conf=0.000","timestamp":"2026-04-07 22:33:56.295"}
{"level":"info","message":"[Aggregator] SELL | score=-0.3086 | conf=0.309 | [MR:SELL MA:BUY RSI:HOLD]","timestamp":"2026-04-07 22:33:56.295"}
{"level":"debug","message":"[Backtest] EXIT SIGNAL | 2023-11-01 @₹2807.73 | PnL=₹21711.93 (2.15%) | costs=₹80.00","timestamp":"2026-04-07 22:33:56.295"}
{"level":"debug","message":"[MeanReversion] SELL | Z=1.5091 | conf=0.503 | reason: Z-score 1.509 > 1.5 — price 2808.92 is 1.51σ above mean 2774.18","timestamp":"2026-04-07 22:33:56.295"}
{"level":"debug","message":"[MACrossover] BUY | fast=2774.83 slow=2711.97 | conf=0.464 | NONE","timestamp":"2026-04-07 22:33:56.295"}
{"level":"debug","message":"[RSI] HOLD | RSI=60.24 | zone=NEUTRAL | div=NONE | conf=0.000","timestamp":"2026-04-07 22:33:56.295"}
{"level":"info","message":"[Aggregator] HOLD | score=-0.0136 | conf=0.014 | [MR:SELL MA:BUY RSI:HOLD]","timestamp":"2026-04-07 22:33:56.295"}
{"level":"debug","message":"[MeanReversion] SELL | Z=1.6150 | conf=0.538 | reason: Z-score 1.615 > 1.5 — price 2812.98 is 1.61σ above mean 2774.66","timestamp":"2026-04-07 22:33:56.295"}
{"level":"debug","message":"[MACrossover] BUY | fast=2775.34 slow=2713.02 | conf=0.459 | NONE","timestamp":"2026-04-07 22:33:56.295"}
{"level":"debug","message":"[RSI] HOLD | RSI=61.23 | zone=NEUTRAL | div=NONE | conf=0.000","timestamp":"2026-04-07 22:33:56.295"}
{"level":"info","message":"[Aggregator] HOLD | score=-0.0272 | conf=0.027 | [MR:SELL MA:BUY RSI:HOLD]","timestamp":"2026-04-07 22:33:56.295"}
{"level":"debug","message":"[Regime:_default] SIDEWAYS | raw=0.085 smooth=0.058 conf=100% | ADX=22.6 slope=0.00012 | pending=-×0 lockout=0","timestamp":"2026-04-07 22:33:56.295"}
{"level":"debug","message":"[MeanReversion] SELL | Z=1.5755 | conf=0.525 | reason: Z-score 1.576 > 1.5 — price 2815.52 is 1.58σ above mean 2775.91","timestamp":"2026-04-07 22:33:56.295"}
{"level":"debug","message":"[MACrossover] BUY | fast=2776.26 slow=2714.00 | conf=0.459 | NONE","timestamp":"2026-04-07 22:33:56.295"}
{"level":"debug","message":"[RSI] HOLD | RSI=61.87 | zone=NEUTRAL | div=NONE | conf=0.000","timestamp":"2026-04-07 22:33:56.295"}
{"level":"info","message":"[Aggregator] SELL | score=-0.3283 | conf=0.328 | [MR:SELL MA:BUY RSI:HOLD]","timestamp":"2026-04-07 22:33:56.295"}
{"level":"debug","message":"[MeanReversion] HOLD | Z=0.7911 | conf=0.264 | reason: Z-score 0.791 within ±1.5 band — no actionable deviation","timestamp":"2026-04-07 22:33:56.295"}
{"level":"debug","message":"[MACrossover] BUY | fast=2776.55 slow=2714.85 | conf=0.455 | NONE","timestamp":"2026-04-07 22:33:56.295"}
{"level":"debug","message":"[RSI] HOLD | RSI=54.29 | zone=NEUTRAL | div=NONE | conf=0.000","timestamp":"2026-04-07 22:33:56.295"}
{"level":"info","message":"[Aggregator] HOLD | score=0.0216 | conf=0.022 | [MR:HOLD MA:BUY RSI:HOLD]","timestamp":"2026-04-07 22:33:56.295"}
{"level":"debug","message":"[MeanReversion] HOLD | Z=1.0936 | conf=0.365 | reason: Z-score 1.094 within ±1.5 band — no actionable deviation","timestamp":"2026-04-07 22:33:56.295"}
{"level":"debug","message":"[MACrossover] BUY | fast=2777.22 slow=2715.78 | conf=0.452 | NONE","timestamp":"2026-04-07 22:33:56.295"}
{"level":"debug","message":"[RSI] HOLD | RSI=57.03 | zone=NEUTRAL | div=NONE | conf=0.000","timestamp":"2026-04-07 22:33:56.295"}
{"level":"info","message":"[Aggregator] HOLD | score=0.0215 | conf=0.022 | [MR:HOLD MA:BUY RSI:HOLD]","timestamp":"2026-04-07 22:33:56.295"}
{"level":"debug","message":"[MeanReversion] HOLD | Z=0.7482 | conf=0.249 | reason: Z-score 0.748 within ±1.5 band — no actionable deviation","timestamp":"2026-04-07 22:33:56.295"}
{"level":"debug","message":"[MACrossover] BUY | fast=2777.34 slow=2716.73 | conf=0.446 | NONE","timestamp":"2026-04-07 22:33:56.295"}
{"level":"debug","message":"[RSI] HOLD | RSI=54.39 | zone=NEUTRAL | div=NONE | conf=0.000","timestamp":"2026-04-07 22:33:56.295"}
{"level":"info","message":"[Aggregator] HOLD | score=0.0212 | conf=0.021 | [MR:HOLD MA:BUY RSI:HOLD]","timestamp":"2026-04-07 22:33:56.295"}
{"level":"debug","message":"[MeanReversion] HOLD | Z=0.7221 | conf=0.241 | reason: Z-score 0.722 within ±1.5 band — no actionable deviation","timestamp":"2026-04-07 22:33:56.295"}
{"level":"debug","message":"[MACrossover] BUY | fast=2777.83 slow=2717.76 | conf=0.442 | NONE","timestamp":"2026-04-07 22:33:56.295"}
{"level":"debug","message":"[RSI] HOLD | RSI=54.78 | zone=NEUTRAL | div=NONE | conf=0.000","timestamp":"2026-04-07 22:33:56.295"}
{"level":"info","message":"[Aggregator] HOLD | score=0.0210 | conf=0.021 | [MR:HOLD MA:BUY RSI:HOLD]","timestamp":"2026-04-07 22:33:56.295"}
{"level":"debug","message":"[MeanReversion] HOLD | Z=1.1271 | conf=0.376 | reason: Z-score 1.127 within ±1.5 band — no actionable deviation","timestamp":"2026-04-07 22:33:56.295"}
{"level":"debug","message":"[MACrossover] BUY | fast=2778.58 slow=2718.88 | conf=0.439 | NONE","timestamp":"2026-04-07 22:33:56.295"}
{"level":"debug","message":"[RSI] HOLD | RSI=58.93 | zone=NEUTRAL | div=NONE | conf=0.000","timestamp":"2026-04-07 22:33:56.295"}
{"level":"info","message":"[Aggregator] HOLD | score=0.0209 | conf=0.021 | [MR:HOLD MA:BUY RSI:HOLD]","timestamp":"2026-04-07 22:33:56.295"}
{"level":"debug","message":"[MeanReversion] HOLD | Z=0.2244 | conf=0.075 | reason: Z-score 0.224 within ±1.5 band — no actionable deviation","timestamp":"2026-04-07 22:33:56.295"}
{"level":"debug","message":"[MACrossover] BUY | fast=2778.70 slow=2719.84 | conf=0.433 | NONE","timestamp":"2026-04-07 22:33:56.295"}
{"level":"debug","message":"[RSI] HOLD | RSI=51.05 | zone=NEUTRAL | div=NONE | conf=0.000","timestamp":"2026-04-07 22:33:56.295"}
{"level":"info","message":"[Aggregator] HOLD | score=0.0206 | conf=0.021 | [MR:HOLD MA:BUY RSI:HOLD]","timestamp":"2026-04-07 22:33:56.295"}
{"level":"debug","message":"[MeanReversion] HOLD | Z=0.4096 | conf=0.137 | reason: Z-score 0.410 within ±1.5 band — no actionable deviation","timestamp":"2026-04-07 22:33:56.295"}
{"level":"debug","message":"[MACrossover] BUY | fast=2778.76 slow=2720.74 | conf=0.427 | NONE","timestamp":"2026-04-07 22:33:56.295"}
{"level":"debug","message":"[RSI] HOLD | RSI=53.04 | zone=NEUTRAL | div=NONE | conf=0.000","timestamp":"2026-04-07 22:33:56.295"}
{"level":"info","message":"[Aggregator] HOLD | score=0.0203 | conf=0.020 | [MR:HOLD MA:BUY RSI:HOLD]","timestamp":"2026-04-07 22:33:56.295"}
{"level":"debug","message":"[MeanReversion] HOLD | Z=-0.5349 | conf=0.178 | reason: Z-score -0.535 within ±1.5 band — no actionable deviation","timestamp":"2026-04-07 22:33:56.295"}
{"level":"debug","message":"[MACrossover] BUY | fast=2778.76 slow=2721.61 | conf=0.420 | NONE","timestamp":"2026-04-07 22:33:56.295"}
{"level":"debug","message":"[RSI] HOLD | RSI=47.78 | zone=NEUTRAL | div=NONE | conf=0.000","timestamp":"2026-04-07 22:33:56.295"}
{"level":"info","message":"[Aggregator] HOLD | score=0.0200 | conf=0.020 | [MR:HOLD MA:BUY RSI:HOLD]","timestamp":"2026-04-07 22:33:56.295"}
{"level":"debug","message":"[MeanReversion] HOLD | Z=-1.0827 | conf=0.361 | reason: Z-score -1.083 within ±1.5 band — no actionable deviation","timestamp":"2026-04-07 22:33:56.295"}
{"level":"debug","message":"[MACrossover] BUY | fast=2778.58 slow=2722.37 | conf=0.413 | NONE","timestamp":"2026-04-07 22:33:56.295"}
{"level":"debug","message":"[RSI] HOLD | RSI=45.04 | zone=NEUTRAL | div=NONE | conf=0.000","timestamp":"2026-04-07 22:33:56.295"}
{"level":"info","message":"[Aggregator] HOLD | score=0.0197 | conf=0.020 | [MR:HOLD MA:BUY RSI:HOLD]","timestamp":"2026-04-07 22:33:56.295"}
{"level":"debug","message":"[Regime:_default] SIDEWAYS | raw=0.022 smooth=0.046 conf=100% | ADX=18.0 slope=0.00013 | pending=-×0 lockout=0","timestamp":"2026-04-07 22:33:56.295"}
{"level":"debug","message":"[MeanReversion] BUY | Z=-1.9570 | conf=0.652 | reason: Z-score -1.957 < -1.5 — price 2760.31 is 1.96σ below mean 2792.10","timestamp":"2026-04-07 22:33:56.295"}
{"level":"debug","message":"[MACrossover] BUY | fast=2778.50 slow=2723.11 | conf=0.407 | NONE","timestamp":"2026-04-07 22:33:56.295"}
{"level":"debug","message":"[RSI] HOLD | RSI=41.51 | zone=NEUTRAL | div=NONE | conf=0.000","timestamp":"2026-04-07 22:33:56.295"}
{"level":"info","message":"[Aggregator] BUY | score=0.4542 | conf=0.454 | [MR:BUY MA:BUY RSI:HOLD]","timestamp":"2026-04-07 22:33:56.295"}
{"level":"debug","message":"[Backtest] ENTRY | 2023-11-19 @₹2761.48 | qty=374 | SL=₹2706.2534 | TP=₹2871.9424 | costs=₹40.00 | regime=SIDEWAYS","timestamp":"2026-04-07 22:33:56.295"}
{"level":"debug","message":"[MeanReversion] HOLD | Z=-1.2879 | conf=0.429 | reason: Z-score -1.288 within ±1.5 band — no actionable deviation","timestamp":"2026-04-07 22:33:56.295"}
{"level":"debug","message":"[MACrossover] BUY | fast=2779.01 slow=2723.83 | conf=0.405 | NONE","timestamp":"2026-04-07 22:33:56.295"}
{"level":"debug","message":"[RSI] HOLD | RSI=46.15 | zone=NEUTRAL | div=NONE | conf=0.000","timestamp":"2026-04-07 22:33:56.295"}
{"level":"info","message":"[Aggregator] HOLD | score=0.0197 | conf=0.020 | [MR:HOLD MA:BUY RSI:HOLD]","timestamp":"2026-04-07 22:33:56.295"}
{"level":"debug","message":"[MeanReversion] BUY | Z=-2.0288 | conf=0.676 | reason: Z-score -2.029 < -1.5 — price 2760.17 is 2.03σ below mean 2792.37","timestamp":"2026-04-07 22:33:56.295"}
{"level":"debug","message":"[MACrossover] BUY | fast=2778.84 slow=2724.51 | conf=0.399 | NONE","timestamp":"2026-04-07 22:33:56.295"}
{"level":"debug","message":"[RSI] HOLD | RSI=42.48 | zone=NEUTRAL | div=NONE | conf=0.000","timestamp":"2026-04-07 22:33:56.295"}
{"level":"info","message":"[Aggregator] BUY | score=0.4657 | conf=0.466 | [MR:BUY MA:BUY RSI:HOLD]","timestamp":"2026-04-07 22:33:56.295"}
{"level":"debug","message":"[MeanReversion] BUY | Z=-1.9309 | conf=0.644 | reason: Z-score -1.931 < -1.5 — price 2756.69 is 1.93σ below mean 2790.81","timestamp":"2026-04-07 22:33:56.295"}
{"level":"debug","message":"[MACrossover] BUY | fast=2778.40 slow=2725.21 | conf=0.390 | NONE","timestamp":"2026-04-07 22:33:56.295"}
{"level":"debug","message":"[RSI] BUY | RSI=41.52 | zone=NEUTRAL | div=BULLISH | conf=0.433","timestamp":"2026-04-07 22:33:56.295"}
{"level":"info","message":"[Aggregator] BUY | score=0.5701 | conf=0.570 | [MR:BUY MA:BUY RSI:BUY]","timestamp":"2026-04-07 22:33:56.295"}
{"level":"debug","message":"[MeanReversion] BUY | Z=-2.3836 | conf=0.795 | reason: Z-score -2.384 < -1.5 — price 2738.13 is 2.38σ below mean 2788.37","timestamp":"2026-04-07 22:33:56.295"}
{"level":"debug","message":"[MACrossover] BUY | fast=2777.63 slow=2725.79 | conf=0.380 | NONE","timestamp":"2026-04-07 22:33:56.295"}
{"level":"debug","message":"[RSI] HOLD | RSI=36.75 | zone=NEUTRAL | div=NONE | conf=0.000","timestamp":"2026-04-07 22:33:56.295"}
{"level":"info","message":"[Aggregator] BUY | score=0.5020 | conf=0.502 | [MR:BUY MA:BUY RSI:HOLD]","timestamp":"2026-04-07 22:33:56.295"}
{"level":"debug","message":"[MeanReversion] BUY | Z=-1.7921 | conf=0.597 | reason: Z-score -1.792 < -1.5 — price 2744.51 is 1.79σ below mean 2785.52","timestamp":"2026-04-07 22:33:56.295"}
{"level":"debug","message":"[MACrossover] BUY | fast=2777.25 slow=2726.36 | conf=0.373 | NONE","timestamp":"2026-04-07 22:33:56.295"}
{"level":"debug","message":"[RSI] HOLD | RSI=39.33 | zone=NEUTRAL | div=NONE | conf=0.000","timestamp":"2026-04-07 22:33:56.295"}
{"level":"info","message":"[Aggregator] BUY | score=0.4141 | conf=0.414 | [MR:BUY MA:BUY RSI:HOLD]","timestamp":"2026-04-07 22:33:56.295"}
{"level":"debug","message":"[MeanReversion] BUY | Z=-1.7856 | conf=0.595 | reason: Z-score -1.786 < -1.5 — price 2738.08 is 1.79σ below mean 2782.59","timestamp":"2026-04-07 22:33:56.295"}
{"level":"debug","message":"[MACrossover] BUY | fast=2776.48 slow=2727.01 | conf=0.363 | NONE","timestamp":"2026-04-07 22:33:56.295"}
{"level":"debug","message":"[RSI] BUY | RSI=37.66 | zone=NEUTRAL | div=BULLISH | conf=0.561","timestamp":"2026-04-07 22:33:56.295"}
{"level":"info","message":"[Aggregator] BUY | score=0.5652 | conf=0.565 | [MR:BUY MA:BUY RSI:BUY]","timestamp":"2026-04-07 22:33:56.295"}
{"level":"debug","message":"[MeanReversion] BUY | Z=-1.9347 | conf=0.645 | reason: Z-score -1.935 < -1.5 — price 2725.71 is 1.93σ below mean 2779.45","timestamp":"2026-04-07 22:33:56.295"}
{"level":"debug","message":"[MACrossover] BUY | fast=2775.33 slow=2727.58 | conf=0.350 | NONE","timestamp":"2026-04-07 22:33:56.295"}
{"level":"debug","message":"[RSI] HOLD | RSI=34.62 | zone=NEUTRAL | div=NONE | conf=0.000","timestamp":"2026-04-07 22:33:56.295"}
{"level":"info","message":"[Aggregator] BUY | score=0.3684 | conf=0.368 | [MR:BUY MA:BUY RSI:HOLD]","timestamp":"2026-04-07 22:33:56.295"}
{"level":"debug","message":"[MeanReversion] BUY | Z=-1.8024 | conf=0.601 | reason: Z-score -1.802 < -1.5 — price 2721.76 is 1.80σ below mean 2775.09","timestamp":"2026-04-07 22:33:56.296"}
{"level":"debug","message":"[MACrossover] BUY | fast=2774.44 slow=2728.06 | conf=0.340 | NONE","timestamp":"2026-04-07 22:33:56.296"}
{"level":"debug","message":"[RSI] BUY | RSI=33.69 | zone=NEUTRAL | div=BULLISH | conf=0.694","timestamp":"2026-04-07 22:33:56.296"}
{"level":"info","message":"[Aggregator] BUY | score=0.5374 | conf=0.537 | [MR:BUY MA:BUY RSI:BUY]","timestamp":"2026-04-07 22:33:56.296"}
{"level":"debug","message":"[MeanReversion] HOLD | Z=-1.4520 | conf=0.484 | reason: Z-score -1.452 within ±1.5 band — no actionable deviation","timestamp":"2026-04-07 22:33:56.296"}
{"level":"debug","message":"[MACrossover] BUY | fast=2773.21 slow=2728.65 | conf=0.327 | NONE","timestamp":"2026-04-07 22:33:56.296"}
{"level":"debug","message":"[RSI] HOLD | RSI=36.26 | zone=NEUTRAL | div=NONE | conf=0.000","timestamp":"2026-04-07 22:33:56.296"}
{"level":"info","message":"[Aggregator] HOLD | score=0.0971 | conf=0.097 | [MR:HOLD MA:BUY RSI:HOLD]","timestamp":"2026-04-07 22:33:56.296"}
{"level":"debug","message":"[Regime:_default] SIDEWAYS | raw=0.404 smooth=0.165 conf=100% | ADX=35.6 slope=-0.00008 | pending=-×0 lockout=0","timestamp":"2026-04-07 22:33:56.296"}
{"level":"debug","message":"[MeanReversion] BUY | Z=-1.5726 | conf=0.524 | reason: Z-score -1.573 < -1.5 — price 2718.42 is 1.57σ below mean 2765.95","timestamp":"2026-04-07 22:33:56.296"}
{"level":"debug","message":"[MACrossover] BUY | fast=2771.78 slow=2729.12 | conf=0.313 | NONE","timestamp":"2026-04-07 22:33:56.296"}
{"level":"debug","message":"[RSI] BUY | RSI=33.98 | zone=NEUTRAL | div=BULLISH | conf=0.684","timestamp":"2026-04-07 22:33:56.296"}
{"level":"info","message":"[Aggregator] BUY | score=0.4981 | conf=0.498 | [MR:BUY MA:BUY RSI:BUY]","timestamp":"2026-04-07 22:33:56.296"}
{"level":"debug","message":"[Backtest] EXIT STOP_LOSS | 2023-12-04 @₹2705.10 | PnL=₹-21126.08 (-2.05%) | costs=₹80.00","timestamp":"2026-04-07 22:33:56.296"}
{"level":"debug","message":"[MeanReversion] BUY | Z=-1.7170 | conf=0.572 | reason: Z-score -1.717 < -1.5 — price 2706.48 is 1.72σ below mean 2761.50","timestamp":"2026-04-07 22:33:56.296"}
{"level":"debug","message":"[MACrossover] BUY | fast=2770.31 slow=2729.52 | conf=0.299 | NONE","timestamp":"2026-04-07 22:33:56.296"}
{"level":"debug","message":"[RSI] BUY | RSI=31.12 | zone=NEUTRAL | div=BULLISH | conf=0.779","timestamp":"2026-04-07 22:33:56.296"}
{"level":"info","message":"[Aggregator] BUY | score=0.6185 | conf=0.618 | [MR:BUY MA:BUY RSI:BUY]","timestamp":"2026-04-07 22:33:56.296"}
{"level":"debug","message":"[Backtest] ENTRY | 2023-12-04 @₹2707.63 | qty=374 | SL=₹2653.4777 | TP=₹2815.9355 | costs=₹40.00 | regime=SIDEWAYS","timestamp":"2026-04-07 22:33:56.296"}
{"level":"debug","message":"[MeanReversion] BUY | Z=-1.8325 | conf=0.611 | reason: Z-score -1.832 < -1.5 — price 2694.50 is 1.83σ below mean 2755.96","timestamp":"2026-04-07 22:33:56.296"}
{"level":"debug","message":"[MACrossover] BUY | fast=2768.99 slow=2729.88 | conf=0.286 | NONE","timestamp":"2026-04-07 22:33:56.296"}
{"level":"debug","message":"[RSI] BUY | RSI=28.53 | zone=OVERSOLD | div=BULLISH | conf=0.866","timestamp":"2026-04-07 22:33:56.296"}
{"level":"info","message":"[Aggregator] BUY | score=0.5738 | conf=0.574 | [MR:BUY MA:BUY RSI:BUY]","timestamp":"2026-04-07 22:33:56.296"}
{"level":"debug","message":"[MeanReversion] HOLD | Z=-1.2554 | conf=0.418 | reason: Z-score -1.255 within ±1.5 band — no actionable deviation","timestamp":"2026-04-07 22:33:56.296"}
{"level":"debug","message":"[MACrossover] BUY | fast=2768.16 slow=2730.33 | conf=0.277 | NONE","timestamp":"2026-04-07 22:33:56.296"}
{"level":"debug","message":"[RSI] HOLD | RSI=35.71 | zone=NEUTRAL | div=NONE | conf=0.000","timestamp":"2026-04-07 22:33:56.296"}
{"level":"info","message":"[Aggregator] HOLD | score=0.0730 | conf=0.073 | [MR:HOLD MA:BUY RSI:HOLD]","timestamp":"2026-04-07 22:33:56.296"}
{"level":"debug","message":"[MeanReversion] HOLD | Z=-1.1474 | conf=0.382 | reason: Z-score -1.147 within ±1.5 band — no actionable deviation","timestamp":"2026-04-07 22:33:56.296"}
{"level":"debug","message":"[MACrossover] BUY | fast=2767.51 slow=2730.78 | conf=0.269 | NONE","timestamp":"2026-04-07 22:33:56.296"}
{"level":"debug","message":"[RSI] HOLD | RSI=35.68 | zone=NEUTRAL | div=NONE | conf=0.000","timestamp":"2026-04-07 22:33:56.296"}
{"level":"info","message":"[Aggregator] HOLD | score=0.0641 | conf=0.064 | [MR:HOLD MA:BUY RSI:HOLD]","timestamp":"2026-04-07 22:33:56.296"}
{"level":"debug","message":"[MeanReversion] HOLD | Z=-1.3788 | conf=0.460 | reason: Z-score -1.379 within ±1.5 band — no actionable deviation","timestamp":"2026-04-07 22:33:56.296"}
{"level":"debug","message":"[MACrossover] BUY | fast=2766.45 slow=2731.25 | conf=0.258 | NONE","timestamp":"2026-04-07 22:33:56.296"}
{"level":"debug","message":"[RSI] HOLD | RSI=33.00 | zone=NEUTRAL | div=NONE | conf=0.000","timestamp":"2026-04-07 22:33:56.296"}
{"level":"info","message":"[Aggregator] HOLD | score=0.0901 | conf=0.090 | [MR:HOLD MA:BUY RSI:HOLD]","timestamp":"2026-04-07 22:33:56.296"}
{"level":"debug","message":"[MeanReversion] HOLD | Z=-1.1574 | conf=0.386 | reason: Z-score -1.157 within ±1.5 band — no actionable deviation","timestamp":"2026-04-07 22:33:56.296"}
{"level":"debug","message":"[MACrossover] BUY | fast=2765.07 slow=2731.83 | conf=0.243 | NONE","timestamp":"2026-04-07 22:33:56.296"}
{"level":"debug","message":"[RSI] HOLD | RSI=34.89 | zone=NEUTRAL | div=NONE | conf=0.000","timestamp":"2026-04-07 22:33:56.296"}
{"level":"info","message":"[Aggregator] HOLD | score=0.0560 | conf=0.056 | [MR:HOLD MA:BUY RSI:HOLD]","timestamp":"2026-04-07 22:33:56.296"}
{"level":"debug","message":"[MeanReversion] HOLD | Z=-0.9085 | conf=0.303 | reason: Z-score -0.908 within ±1.5 band — no actionable deviation","timestamp":"2026-04-07 22:33:56.296"}
{"level":"debug","message":"[MACrossover] BUY | fast=2763.35 slow=2732.43 | conf=0.226 | NONE","timestamp":"2026-04-07 22:33:56.296"}
{"level":"debug","message":"[RSI] HOLD | RSI=37.70 | zone=NEUTRAL | div=NONE | conf=0.000","timestamp":"2026-04-07 22:33:56.296"}
{"level":"info","message":"[Aggregator] HOLD | score=0.0113 | conf=0.011 | [MR:HOLD MA:BUY RSI:HOLD]","timestamp":"2026-04-07 22:33:56.296"}
{"level":"debug","message":"[MeanReversion] HOLD | Z=-0.7603 | conf=0.253 | reason: Z-score -0.760 within ±1.5 band — no actionable deviation","timestamp":"2026-04-07 22:33:56.296"}
{"level":"debug","message":"[MACrossover] BUY | fast=2761.41 slow=2733.11 | conf=0.207 | NONE","timestamp":"2026-04-07 22:33:56.296"}
{"level":"debug","message":"[RSI] HOLD | RSI=38.73 | zone=NEUTRAL | div=NONE | conf=0.000","timestamp":"2026-04-07 22:33:56.296"}
{"level":"info","message":"[Aggregator] HOLD | score=0.0108 | conf=0.011 | [MR:HOLD MA:BUY RSI:HOLD]","timestamp":"2026-04-07 22:33:56.296"}
{"level":"debug","message":"[MeanReversion] HOLD | Z=-0.2903 | conf=0.097 | reason: Z-score -0.290 within ±1.5 band — no actionable deviation","timestamp":"2026-04-07 22:33:56.296"}
{"level":"debug","message":"[MACrossover] BUY | fast=2759.74 slow=2733.75 | conf=0.190 | NONE","timestamp":"2026-04-07 22:33:56.296"}
{"level":"debug","message":"[RSI] HOLD | RSI=43.49 | zone=NEUTRAL | div=NONE | conf=0.000","timestamp":"2026-04-07 22:33:56.296"}
{"level":"info","message":"[Aggregator] HOLD | score=0.0107 | conf=0.011 | [MR:HOLD MA:BUY RSI:HOLD]","timestamp":"2026-04-07 22:33:56.296"}
{"level":"debug","message":"[Regime:_default] SIDEWAYS | raw=0.061 smooth=0.131 conf=100% | ADX=14.1 slope=-0.00036 | pending=-×0 lockout=0","timestamp":"2026-04-07 22:33:56.296"}
{"level":"debug","message":"[MeanReversion] HOLD | Z=-0.3868 | conf=0.129 | reason: Z-score -0.387 within ±1.5 band — no actionable deviation","timestamp":"2026-04-07 22:33:56.296"}
{"level":"debug","message":"[MACrossover] BUY | fast=2758.25 slow=2734.34 | conf=0.175 | NONE","timestamp":"2026-04-07 22:33:56.296"}
{"level":"debug","message":"[RSI] HOLD | RSI=42.05 | zone=NEUTRAL | div=NONE | conf=0.000","timestamp":"2026-04-07 22:33:56.296"}
{"level":"info","message":"[Aggregator] HOLD | score=0.0106 | conf=0.011 | [MR:HOLD MA:BUY RSI:HOLD]","timestamp":"2026-04-07 22:33:56.296"}
{"level":"debug","message":"[MeanReversion] HOLD | Z=0.1659 | conf=0.055 | reason: Z-score 0.166 within ±1.5 band — no actionable deviation","timestamp":"2026-04-07 22:33:56.296"}
{"level":"debug","message":"[MACrossover] BUY | fast=2756.76 slow=2735.01 | conf=0.159 | NONE","timestamp":"2026-04-07 22:33:56.296"}
{"level":"debug","message":"[RSI] HOLD | RSI=46.33 | zone=NEUTRAL | div=NONE | conf=0.000","timestamp":"2026-04-07 22:33:56.296"}
{"level":"info","message":"[Aggregator] HOLD | score=0.0106 | conf=0.011 | [MR:HOLD MA:BUY RSI:HOLD]","timestamp":"2026-04-07 22:33:56.296"}
{"level":"debug","message":"[MeanReversion] SELL | Z=1.5389 | conf=0.513 | reason: Z-score 1.539 > 1.5 — price 2746.21 is 1.54σ above mean 2720.82","timestamp":"2026-04-07 22:33:56.296"}
{"level":"debug","message":"[MACrossover] BUY | fast=2756.08 slow=2735.77 | conf=0.148 | NONE","timestamp":"2026-04-07 22:33:56.296"}
{"level":"debug","message":"[RSI] HOLD | RSI=55.24 | zone=NEUTRAL | div=NONE | conf=0.000","timestamp":"2026-04-07 22:33:56.296"}
{"level":"info","message":"[Aggregator] SELL | score=-0.3140 | conf=0.314 | [MR:SELL MA:BUY RSI:HOLD]","timestamp":"2026-04-07 22:33:56.296"}
{"level":"debug","message":"[Backtest] EXIT SIGNAL | 2023-12-19 @₹2745.04 | PnL=₹13952.31 (1.38%) | costs=₹80.00","timestamp":"2026-04-07 22:33:56.296"}
{"level":"debug","message":"[MeanReversion] SELL | Z=1.5389 | conf=0.513 | reason: Z-score 1.539 > 1.5 — price 2746.21 is 1.54σ above mean 2720.82","timestamp":"2026-04-07 22:33:56.296"}
{"level":"debug","message":"[MACrossover] BUY | fast=2756.08 slow=2735.77 | conf=0.148 | NONE","timestamp":"2026-04-07 22:33:56.296"}
{"level":"debug","message":"[RSI] HOLD | RSI=55.24 | zone=NEUTRAL | div=NONE | conf=0.000","timestamp":"2026-04-07 22:33:56.296"}
{"level":"info","message":"[Aggregator] SELL | score=-0.3349 | conf=0.335 | [MR:SELL MA:BUY RSI:HOLD]","timestamp":"2026-04-07 22:33:56.296"}
{"level":"debug","message":"[MeanReversion] SELL | Z=2.3343 | conf=0.778 | reason: Z-score 2.334 > 1.5 — price 2760.54 is 2.33σ above mean 2721.01","timestamp":"2026-04-07 22:33:56.296"}
{"level":"debug","message":"[MACrossover] BUY | fast=2755.88 slow=2736.67 | conf=0.140 | NONE","timestamp":"2026-04-07 22:33:56.296"}
{"level":"debug","message":"[RSI] HOLD | RSI=59.97 | zone=NEUTRAL | div=NONE | conf=0.000","timestamp":"2026-04-07 22:33:56.296"}
{"level":"info","message":"[Aggregator] SELL | score=-0.5120 | conf=0.512 | [MR:SELL MA:BUY RSI:HOLD]","timestamp":"2026-04-07 22:33:56.296"}
{"level":"debug","message":"[MeanReversion] SELL | Z=1.9907 | conf=0.664 | reason: Z-score 1.991 > 1.5 — price 2758.91 is 1.99σ above mean 2722.05","timestamp":"2026-04-07 22:33:56.296"}
{"level":"debug","message":"[MACrossover] BUY | fast=2755.85 slow=2737.49 | conf=0.134 | NONE","timestamp":"2026-04-07 22:33:56.296"}
{"level":"debug","message":"[RSI] HOLD | RSI=59.20 | zone=NEUTRAL | div=NONE | conf=0.000","timestamp":"2026-04-07 22:33:56.296"}
{"level":"info","message":"[Aggregator] SELL | score=-0.4360 | conf=0.436 | [MR:SELL MA:BUY RSI:HOLD]","timestamp":"2026-04-07 22:33:56.296"}
{"level":"debug","message":"[MeanReversion] SELL | Z=2.0761 | conf=0.692 | reason: Z-score 2.076 > 1.5 — price 2765.07 is 2.08σ above mean 2723.08","timestamp":"2026-04-07 22:33:56.296"}
{"level":"debug","message":"[MACrossover] BUY | fast=2756.09 slow=2738.42 | conf=0.129 | NONE","timestamp":"2026-04-07 22:33:56.296"}
{"level":"debug","message":"[RSI] HOLD | RSI=61.21 | zone=NEUTRAL | div=NONE | conf=0.000","timestamp":"2026-04-07 22:33:56.296"}
{"level":"info","message":"[Aggregator] SELL | score=-0.4552 | conf=0.455 | [MR:SELL MA:BUY RSI:HOLD]","timestamp":"2026-04-07 22:33:56.296"}
{"level":"debug","message":"[MeanReversion] HOLD | Z=1.2737 | conf=0.425 | reason: Z-score 1.274 within ±1.5 band — no actionable deviation","timestamp":"2026-04-07 22:33:56.296"}
{"level":"debug","message":"[MACrossover] BUY | fast=2756.37 slow=2739.26 | conf=0.125 | NONE","timestamp":"2026-04-07 22:33:56.296"}
{"level":"debug","message":"[RSI] HOLD | RSI=54.27 | zone=NEUTRAL | div=NONE | conf=0.000","timestamp":"2026-04-07 22:33:56.296"}
{"level":"info","message":"[Aggregator] HOLD | score=0.0059 | conf=0.006 | [MR:HOLD MA:BUY RSI:HOLD]","timestamp":"2026-04-07 22:33:56.296"}
{"level":"debug","message":"[MeanReversion] SELL | Z=1.6904 | conf=0.563 | reason: Z-score 1.690 > 1.5 — price 2763.80 is 1.69σ above mean 2725.59","timestamp":"2026-04-07 22:33:56.296"}
{"level":"debug","message":"[MACrossover] BUY | fast=2757.09 slow=2740.18 | conf=0.123 | NONE","timestamp":"2026-04-07 22:33:56.296"}
{"level":"debug","message":"[RSI] HOLD | RSI=58.86 | zone=NEUTRAL | div=NONE | conf=0.000","timestamp":"2026-04-07 22:33:56.296"}
{"level":"info","message":"[Aggregator] SELL | score=-0.3698 | conf=0.370 | [MR:SELL MA:BUY RSI:HOLD]","timestamp":"2026-04-07 22:33:56.296"}
{"level":"debug","message":"[MeanReversion] HOLD | Z=1.0047 | conf=0.335 | reason: Z-score 1.005 within ±1.5 band — no actionable deviation","timestamp":"2026-04-07 22:33:56.296"}
{"level":"debug","message":"[MACrossover] BUY | fast=2757.16 slow=2740.98 | conf=0.118 | NONE","timestamp":"2026-04-07 22:33:56.296"}
{"level":"debug","message":"[RSI] HOLD | RSI=53.16 | zone=NEUTRAL | div=NONE | conf=0.000","timestamp":"2026-04-07 22:33:56.296"}
{"level":"info","message":"[Aggregator] HOLD | score=0.0056 | conf=0.006 | [MR:HOLD MA:BUY RSI:HOLD]","timestamp":"2026-04-07 22:33:56.296"}
{"level":"debug","message":"[MeanReversion] HOLD | Z=1.4789 | conf=0.493 | reason: Z-score 1.479 within ±1.5 band — no actionable deviation","timestamp":"2026-04-07 22:33:56.296"}
{"level":"debug","message":"[MACrossover] BUY | fast=2757.12 slow=2741.77 | conf=0.112 | NONE","timestamp":"2026-04-07 22:33:56.296"}
{"level":"debug","message":"[RSI] SELL | RSI=58.06 | zone=NEUTRAL | div=BEARISH | conf=0.419","timestamp":"2026-04-07 22:33:56.296"}
{"level":"info","message":"[Aggregator] HOLD | score=-0.1143 | conf=0.114 | [MR:HOLD MA:BUY RSI:SELL]","timestamp":"2026-04-07 22:33:56.296"}
{"level":"debug","message":"[Regime:_default] SIDEWAYS | raw=0.063 smooth=0.108 conf=100% | ADX=20.8 slope=-0.00025 | pending=-×0 lockout=0","timestamp":"2026-04-07 22:33:56.296"}
{"level":"debug","message":"[MeanReversion] SELL | Z=1.7332 | conf=0.578 | reason: Z-score 1.733 > 1.5 — price 2778.31 is 1.73σ above mean 2731.92","timestamp":"2026-04-07 22:33:56.296"}
{"level":"debug","message":"[MACrossover] BUY | fast=2757.68 slow=2742.64 | conf=0.110 | NONE","timestamp":"2026-04-07 22:33:56.296"}
{"level":"debug","message":"[RSI] SELL | RSI=61.75 | zone=NEUTRAL | div=BEARISH | conf=0.542","timestamp":"2026-04-07 22:33:56.296"}
{"level":"info","message":"[Aggregator] SELL | score=-0.5347 | conf=0.535 | [MR:SELL MA:BUY RSI:SELL]","timestamp":"2026-04-07 22:33:56.297"}
{"level":"info","message":"[Backtest] Done | return=8.11% | sharpe=2.083 | trades=7 | winRate=85.7% | totalCosts=₹560.00","timestamp":"2026-04-07 22:33:56.297"}
{"level":"http","message":"\u001b[0mPOST /api/backtest \u001b[32m200\u001b[0m 55.371 ms - 3399\u001b[0m","timestamp":"2026-04-07 22:33:56.297"}
{"level":"http","message":"\u001b[0mGET /api/backtest/runs?limit=10 \u001b[32m200\u001b[0m 0.739 ms - 5793\u001b[0m","timestamp":"2026-04-07 22:33:56.298"}
{"level":"debug","message":"[RSI] BUY | RSI=37.71 | zone=NEUTRAL | div=BULLISH | conf=0.560","timestamp":"2026-04-07 22:34:03.741"}
{"level":"error","message":"[DB] Query error: Unknown column 'z_score' in 'field list' | SQL: INSERT INTO signals (symbol, signal_type, strategy, confidence, price_at_signal, z_score, rsi_value, ma_fast, ma_slow)\n ","timestamp":"2026-04-07 22:34:03.743"}
{"level":"http","message":"\u001b[0mGET /api/signal/INFY?strategy=RSI \u001b[36m304\u001b[0m 9.902 ms - -\u001b[0m","timestamp":"2026-04-07 22:34:03.744"}
{"level":"debug","message":"[RSI] BUY | RSI=37.71 | zone=NEUTRAL | div=BULLISH | conf=0.560","timestamp":"2026-04-07 22:34:15.605"}
{"level":"error","message":"[DB] Query error: Unknown column 'z_score' in 'field list' | SQL: INSERT INTO signals (symbol, signal_type, strategy, confidence, price_at_signal, z_score, rsi_value, ma_fast, ma_slow)\n ","timestamp":"2026-04-07 22:34:15.606"}
{"level":"http","message":"\u001b[0mGET /api/signal/INFY?strategy=RSI \u001b[36m304\u001b[0m 6.429 ms - -\u001b[0m","timestamp":"2026-04-07 22:34:15.607"}
{"level":"debug","message":"[RSI] BUY | RSI=37.71 | zone=NEUTRAL | div=BULLISH | conf=0.560","timestamp":"2026-04-07 22:34:16.454"}
{"level":"error","message":"[DB] Query error: Unknown column 'z_score' in 'field list' | SQL: INSERT INTO signals (symbol, signal_type, strategy, confidence, price_at_signal, z_score, rsi_value, ma_fast, ma_slow)\n ","timestamp":"2026-04-07 22:34:16.455"}
{"level":"http","message":"\u001b[0mGET /api/signal/INFY?strategy=RSI \u001b[36m304\u001b[0m 6.638 ms - -\u001b[0m","timestamp":"2026-04-07 22:34:16.455"}
{"level":"info","message":"[App] SIGINT received","timestamp":"2026-04-07 22:34:39.359"}
