{"level":"info","message":"[DB] Connection pool initialized","timestamp":"2026-04-08 10:00:37.992"}
{"level":"info","message":"[DB] Connection pool initialized","timestamp":"2026-04-08 15:13:04.423"}
{"level":"info","message":"[DB] Connection pool initialized","timestamp":"2026-04-08 15:14:56.667"}
{"level":"info","message":"[DB] Connection pool initialized","timestamp":"2026-04-08 15:16:00.314"}
{"level":"info","message":"[DB] Health check passed","timestamp":"2026-04-08 15:16:00.335"}
{"level":"info","message":"[DB] Connection pool initialized","timestamp":"2026-04-08 18:02:30.209"}
{"level":"info","message":"[DB] Health check passed","timestamp":"2026-04-08 18:02:30.224"}
{"level":"info","message":"[DB] Connection pool initialized","timestamp":"2026-04-08 18:02:35.363"}
{"level":"info","message":"[DB] Health check passed","timestamp":"2026-04-08 18:02:35.375"}
{"level":"info","message":"[DB] Connection pool initialized","timestamp":"2026-04-08 18:04:52.741"}
{"level":"info","message":"[DB] Health check passed","timestamp":"2026-04-08 18:04:52.748"}
{"level":"info","message":"[App] ✅ Database connected","timestamp":"2026-04-08 18:04:52.748"}
{"level":"info","message":"[WS] WebSocket server attached at /ws","timestamp":"2026-04-08 18:04:52.748"}
{"level":"info","message":"[Scheduler] Registered job \"LIVE_SIGNALS\" every 300s","timestamp":"2026-04-08 18:04:52.749"}
{"level":"info","message":"[Scheduler] Registered job \"PAPER_EXIT_CHECK\" every 120s","timestamp":"2026-04-08 18:04:52.749"}
{"level":"info","message":"[Scheduler] Registered job \"MARKET_SCAN\" every 900s","timestamp":"2026-04-08 18:04:52.749"}
{"level":"info","message":"[Scheduler] Registered job \"SIGNAL_SNAPSHOT\" every 3600s","timestamp":"2026-04-08 18:04:52.749"}
{"level":"info","message":"[Scheduler] Registered job \"DATA_SYNC\" every 86400s","timestamp":"2026-04-08 18:04:52.749"}
{"level":"info","message":"[Scheduler] Started 5 jobs","timestamp":"2026-04-08 18:04:52.749"}
{"level":"info","message":"[App] ✅ Running on port 3000 [production]","timestamp":"2026-04-08 18:04:52.751"}
{"level":"info","message":"[App] 🔗 Health:  http://localhost:3000/health","timestamp":"2026-04-08 18:04:52.751"}
{"level":"info","message":"[App] 🔗 API:     http://localhost:3000/api/info","timestamp":"2026-04-08 18:04:52.751"}
{"level":"info","message":"[App] 🔗 WS:      ws://localhost:3000/ws","timestamp":"2026-04-08 18:04:52.751"}
{"level":"warn","message":"[NSE] Cookie refresh failed: Request failed with status code 403","timestamp":"2026-04-08 18:04:53.467"}
{"level":"info","message":"[DB] Health check passed","timestamp":"2026-04-08 18:05:15.905"}
{"level":"info","message":"[DB] Connection pool initialized","timestamp":"2026-04-08 21:10:40.984"}
{"level":"info","message":"[DB] Health check passed","timestamp":"2026-04-08 21:10:41.007"}
